<!--normal relative link path-->
<link href ="static/css/test.css?t=709632" rel="stylesheet"/>
<!--normal absolute path-->
<link href ="http://p0.css.cdn.com/static/css/test.css" rel="stylesheet"/>
<!--missing path-->
<link href ="missing{key}.css" rel="stylesheet"/>
<!--path with spaces inside-->
<link href="static/css/test.css?mk=0&t=709632" rel="stylesheet"/>
<!--normal relative script path-->
<script src="static/js/mk.js?t=941952" type="text/javascript"></script>
<!--path with leading doubel /-->
<script src="//mk.js" type="text/javascript"></script>
<!--path is about:blank-->
<script src=" about:blank " type="text/javascript"></script>
<!--path is #-->
<script src="#" type="text/javascript"></script>
<!--path with stamp-->
<script src="static/js/mk.js?t=90" type="text/javascript"></script>
<!--path in url-->
background: url(static/img/p.png);
<!--path in img element-->
<img src="static/img/p.png"/>
